[    2081ms] [ERROR] Error fetching data: TypeError: Failed to execute 'fetch' on 'Window': Request cannot be constructed from a URL that includes credentials: /api/cycles/active
    at Home.useCallback[fetchData] (http://g.andreini%40gmail.com:password@localhost:3003/_next/static/chunks/_be3f6805._.js:1117:45)
    at Home.useEffect (http://g.andreini%40gmail.com:password@localhost:3003/_next/static/chunks/_be3f6805._.js:1149:13)
    at Object.react_stack_bottom_frame (http://g.andreini%40gmail.com:password@localhost:3003/_next/static/chunks/node_modules_next_dist_compiled_react-dom_1e674e59._.js:14876:22)
    at runWithFiberInDEV (http://g.andreini%40gmail.com:password@localhost:3003/_next/static/chunks/node_modules_next_dist_compiled_react-dom_1e674e59._.js:965:74)
    at commitHookEffectListMount (http://g.andreini%40gmail.com:password@localhost:3003/_next/static/chunks/node_modules_next_dist_compiled_react-dom_1e674e59._.js:7266:167)
    at commitHookPassiveMountEffects (http://g.andreini%40gmail.com:password@localhost:3003/_next/static/chunks/node_modules_next_dist_compiled_react-dom_1e674e59._.js:7301:60)
    at commitPassiveMountOnFiber (http://g.andreini%40gmail.com:password@localhost:3003/_next/static/chunks/node_modules_next_dist_compiled_react-dom_1e674e59._.js:8696:33)
    at recursivelyTraversePassiveMountEffects (http://g.andreini%40gmail.com:password@localhost:3003/_next/static/chunks/node_modules_next_dist_compiled_react-dom_1e674e59._.js:8683:316)
    at commitPassiveMountOnFiber (http://g.andreini%40gmail.com:password@localhost:3003/_next/static/chunks/node_modules_next_dist_compiled_react-dom_1e674e59._.js:8695:17)
    at recursivelyTraversePassiveMountEffects (http://g.andreini%40gmail.com:password@localhost:3003/_next/static/chunks/node_modules_next_dist_compiled_react-dom_1e674e59._.js:8683:316)
    at commitPassiveMountOnFiber (http://g.andreini%40gmail.com:password@localhost:3003/_next/static/chunks/node_modules_next_dist_compiled_react-dom_1e674e59._.js:8695:17)
    at recursivelyTraversePassiveMountEffects (http://g.andreini%40gmail.com:password@localhost:3003/_next/static/chunks/node_modules_next_dist_compiled_react-dom_1e674e59._.js:8683:316)
    at commitPassiveMountOnFiber (http://g.andreini%40gmail.com:password@localhost:3003/_next/static/chunks/node_modules_next_dist_compiled_react-dom_1e674e59._.js:8757:17)
    at recursivelyTraversePassiveMountEffects (http://g.andreini%40gmail.com:password@localhost:3003/_next/static/chunks/node_modules_next_dist_compiled_react-dom_1e674e59._.js:8683:316)
    at commitPassiveMountOnFiber (http://g.andreini%40gmail.com:password@localhost:3003/_next/static/chunks/node_modules_next_dist_compiled_react-dom_1e674e59._.js:8757:17)
    at recursivelyTraversePassiveMountEffects (http://g.andreini%40gmail.com:password@localhost:3003/_next/static/chunks/node_modules_next_dist_compiled_react-dom_1e674e59._.js:8683:316)
    at commitPassiveMountOnFiber (http://g.andreini%40gmail.com:password@localhost:3003/_next/static/chunks/node_modules_next_dist_compiled_react-dom_1e674e59._.js:8695:17)
    at recursivelyTraversePassiveMountEffects (http://g.andreini%40gmail.com:password@localhost:3003/_next/static/chunks/node_modules_next_dist_compiled_react-dom_1e674e59._.js:8683:316)
    at commitPassiveMountOnFiber (http://g.andreini%40gmail.com:password@localhost:3003/_next/static/chunks/node_modules_next_dist_compiled_react-dom_1e674e59._.js:8700:17)
    at recursivelyTraversePassiveMountEffects (http://g.andreini%40gmail.com:password@localhost:3003/_next/static/chunks/node_modules_next_dist_compiled_react-dom_1e674e59._.js:8683:316)
    at commitPassiveMountOnFiber (http://g.andreini%40gmail.com:password@localhost:3003/_next/static/chunks/node_modules_next_dist_compiled_react-dom_1e674e59._.js:8695:17)
    at recursivelyTraversePassiveMountEffects (http://g.andreini%40gmail.com:password@localhost:3003/_next/static/chunks/node_modules_next_dist_compiled_react-dom_1e674e59._.js:8683:316)
    at commitPassiveMountOnFiber (http://g.andreini%40gmail.com:password@localhost:3003/_next/static/chunks/node_modules_next_dist_compiled_react-dom_1e674e59._.js:8700:17)
    at recursivelyTraversePassiveMountEffects (http://g.andreini%40gmail.com:password@localhost:3003/_next/static/chunks/node_modules_next_dist_compiled_react-dom_1e674e59._.js:8683:316)
    at commitPassiveMountOnFiber (http://g.andreini%40gmail.com:password@localhost:3003/_next/static/chunks/node_modules_next_dist_compiled_react-dom_1e674e59._.js:8695:17)
    at recursivelyTraversePassiveMountEffects (http://g.andreini%40gmail.com:password@localhost:3003/_next/static/chunks/node_modules_next_dist_compiled_react-dom_1e674e59._.js:8683:316)
    at commitPassiveMountOnFiber (http://g.andreini%40gmail.com:password@localhost:3003/_next/static/chunks/node_modules_next_dist_compiled_react-dom_1e674e59._.js:8695:17)
    at recursivelyTraversePassiveMountEffects (http://g.andreini%40gmail.com:password@localhost:3003/_next/static/chunks/node_modules_next_dist_compiled_react-dom_1e674e59._.js:8683:316)
    at commitPassiveMountOnFiber (http://g.andreini%40gmail.com:password@localhost:3003/_next/static/chunks/node_modules_next_dist_compiled_react-dom_1e674e59._.js:8695:17)
    at recursivelyTraversePassiveMountEffects (http://g.andreini%40gmail.com:password@localhost:3003/_next/static/chunks/node_modules_next_dist_compiled_react-dom_1e674e59._.js:8683:316)
    at commitPassiveMountOnFiber (http://g.andreini%40gmail.com:password@localhost:3003/_next/static/chunks/node_modules_next_dist_compiled_react-dom_1e674e59._.js:8700:17)
    at recursivelyTraversePassiveMountEffects (http://g.andreini%40gmail.com:password@localhost:3003/_next/static/chunks/node_modules_next_dist_compiled_react-dom_1e674e59._.js:8683:316)
    at commitPassiveMountOnFiber (http://g.andreini%40gmail.com:password@localhost:3003/_next/static/chunks/node_modules_next_dist_compiled_react-dom_1e674e59._.js:8695:17)
    at recursivelyTraversePassiveMountEffects (http://g.andreini%40gmail.com:password@localhost:3003/_next/static/chunks/node_modules_next_dist_compiled_react-dom_1e674e59._.js:8683:316)
    at commitPassiveMountOnFiber (http://g.andreini%40gmail.com:password@localhost:3003/_next/static/chunks/node_modules_next_dist_compiled_react-dom_1e674e59._.js:8695:17)
    at recursivelyTraversePassiveMountEffects (http://g.andreini%40gmail.com:password@localhost:3003/_next/static/chunks/node_modules_next_dist_compiled_react-dom_1e674e59._.js:8683:316)
    at commitPassiveMountOnFiber (http://g.andreini%40gmail.com:password@localhost:3003/_next/static/chunks/node_modules_next_dist_compiled_react-dom_1e674e59._.js:8757:17)
    at recursivelyTraversePassiveMountEffects (http://g.andreini%40gmail.com:password@localhost:3003/_next/static/chunks/node_modules_next_dist_compiled_react-dom_1e674e59._.js:8683:316)
    at commitPassiveMountOnFiber (http://g.andreini%40gmail.com:password@localhost:3003/_next/static/chunks/node_modules_next_dist_compiled_react-dom_1e674e59._.js:8757:17)
    at recursivelyTraversePassiveMountEffects (http://g.andreini%40gmail.com:password@localhost:3003/_next/static/chunks/node_modules_next_dist_compiled_react-dom_1e674e59._.js:8683:316)
    at commitPassiveMountOnFiber (http://g.andreini%40gmail.com:password@localhost:3003/_next/static/chunks/node_modules_next_dist_compiled_react-dom_1e674e59._.js:8695:17)
    at recursivelyTraversePassiveMountEffects (http://g.andreini%40gmail.com:password@localhost:3003/_next/static/chunks/node_modules_next_dist_compiled_react-dom_1e674e59._.js:8683:316)
    at commitPassiveMountOnFiber (http://g.andreini%40gmail.com:password@localhost:3003/_next/static/chunks/node_modules_next_dist_compiled_react-dom_1e674e59._.js:8695:17)
    at recursivelyTraversePassiveMountEffects (http://g.andreini%40gmail.com:password@localhost:3003/_next/static/chunks/node_modules_next_dist_compiled_react-dom_1e674e59._.js:8683:316)
    at commitPassiveMountOnFiber (http://g.andreini%40gmail.com:password@localhost:3003/_next/static/chunks/node_modules_next_dist_compiled_react-dom_1e674e59._.js:8757:17)
    at recursivelyTraversePassiveMountEffects (http://g.andreini%40gmail.com:password@localhost:3003/_next/static/chunks/node_modules_next_dist_compiled_react-dom_1e674e59._.js:8683:316)
    at commitPassiveMountOnFiber (http://g.andreini%40gmail.com:password@localhost:3003/_next/static/chunks/node_modules_next_dist_compiled_react-dom_1e674e59._.js:8757:17)
    at recursivelyTraversePassiveMountEffects (http://g.andreini%40gmail.com:password@localhost:3003/_next/static/chunks/node_modules_next_dist_compiled_react-dom_1e674e59._.js:8683:316)
    at commitPassiveMountOnFiber (http://g.andreini%40gmail.com:password@localhost:3003/_next/static/chunks/node_modules_next_dist_compiled_react-dom_1e674e59._.js:8757:17)
    at recursivelyTraversePassiveMountEffects (http://g.andreini%40gmail.com:password@localhost:3003/_next/static/chunks/node_modules_next_dist_compiled_react-dom_1e674e59._.js:8683:316) @ http://g.andreini%40gmail.com:password@localhost:3003/_next/static/chunks/node_modules_next_dist_f3530cac._.js:3127
[  283841ms] [ERROR] Error fetching data: TypeError: Failed to execute 'fetch' on 'Window': Request cannot be constructed from a URL that includes credentials: /api/cycles/active
    at Home.useCallback[fetchData] (http://g.andreini%40gmail.com:password@localhost:3003/_next/static/chunks/_be3f6805._.js:1117:45)
    at Home.useEffect (http://g.andreini%40gmail.com:password@localhost:3003/_next/static/chunks/_be3f6805._.js:1149:13)
    at Object.react_stack_bottom_frame (http://g.andreini%40gmail.com:password@localhost:3003/_next/static/chunks/node_modules_next_dist_compiled_react-dom_1e674e59._.js:14876:22)
    at runWithFiberInDEV (http://g.andreini%40gmail.com:password@localhost:3003/_next/static/chunks/node_modules_next_dist_compiled_react-dom_1e674e59._.js:965:74)
    at commitHookEffectListMount (http://g.andreini%40gmail.com:password@localhost:3003/_next/static/chunks/node_modules_next_dist_compiled_react-dom_1e674e59._.js:7266:167)
    at commitHookPassiveMountEffects (http://g.andreini%40gmail.com:password@localhost:3003/_next/static/chunks/node_modules_next_dist_compiled_react-dom_1e674e59._.js:7301:60)
    at commitPassiveMountOnFiber (http://g.andreini%40gmail.com:password@localhost:3003/_next/static/chunks/node_modules_next_dist_compiled_react-dom_1e674e59._.js:8696:33)
    at recursivelyTraversePassiveMountEffects (http://g.andreini%40gmail.com:password@localhost:3003/_next/static/chunks/node_modules_next_dist_compiled_react-dom_1e674e59._.js:8683:316)
    at commitPassiveMountOnFiber (http://g.andreini%40gmail.com:password@localhost:3003/_next/static/chunks/node_modules_next_dist_compiled_react-dom_1e674e59._.js:8695:17)
    at recursivelyTraversePassiveMountEffects (http://g.andreini%40gmail.com:password@localhost:3003/_next/static/chunks/node_modules_next_dist_compiled_react-dom_1e674e59._.js:8683:316)
    at commitPassiveMountOnFiber (http://g.andreini%40gmail.com:password@localhost:3003/_next/static/chunks/node_modules_next_dist_compiled_react-dom_1e674e59._.js:8695:17)
    at recursivelyTraversePassiveMountEffects (http://g.andreini%40gmail.com:password@localhost:3003/_next/static/chunks/node_modules_next_dist_compiled_react-dom_1e674e59._.js:8683:316)
    at commitPassiveMountOnFiber (http://g.andreini%40gmail.com:password@localhost:3003/_next/static/chunks/node_modules_next_dist_compiled_react-dom_1e674e59._.js:8757:17)
    at recursivelyTraversePassiveMountEffects (http://g.andreini%40gmail.com:password@localhost:3003/_next/static/chunks/node_modules_next_dist_compiled_react-dom_1e674e59._.js:8683:316)
    at commitPassiveMountOnFiber (http://g.andreini%40gmail.com:password@localhost:3003/_next/static/chunks/node_modules_next_dist_compiled_react-dom_1e674e59._.js:8757:17)
    at recursivelyTraversePassiveMountEffects (http://g.andreini%40gmail.com:password@localhost:3003/_next/static/chunks/node_modules_next_dist_compiled_react-dom_1e674e59._.js:8683:316)
    at commitPassiveMountOnFiber (http://g.andreini%40gmail.com:password@localhost:3003/_next/static/chunks/node_modules_next_dist_compiled_react-dom_1e674e59._.js:8695:17)
    at recursivelyTraversePassiveMountEffects (http://g.andreini%40gmail.com:password@localhost:3003/_next/static/chunks/node_modules_next_dist_compiled_react-dom_1e674e59._.js:8683:316)
    at commitPassiveMountOnFiber (http://g.andreini%40gmail.com:password@localhost:3003/_next/static/chunks/node_modules_next_dist_compiled_react-dom_1e674e59._.js:8700:17)
    at recursivelyTraversePassiveMountEffects (http://g.andreini%40gmail.com:password@localhost:3003/_next/static/chunks/node_modules_next_dist_compiled_react-dom_1e674e59._.js:8683:316)
    at commitPassiveMountOnFiber (http://g.andreini%40gmail.com:password@localhost:3003/_next/static/chunks/node_modules_next_dist_compiled_react-dom_1e674e59._.js:8695:17)
    at recursivelyTraversePassiveMountEffects (http://g.andreini%40gmail.com:password@localhost:3003/_next/static/chunks/node_modules_next_dist_compiled_react-dom_1e674e59._.js:8683:316)
    at commitPassiveMountOnFiber (http://g.andreini%40gmail.com:password@localhost:3003/_next/static/chunks/node_modules_next_dist_compiled_react-dom_1e674e59._.js:8700:17)
    at recursivelyTraversePassiveMountEffects (http://g.andreini%40gmail.com:password@localhost:3003/_next/static/chunks/node_modules_next_dist_compiled_react-dom_1e674e59._.js:8683:316)
    at commitPassiveMountOnFiber (http://g.andreini%40gmail.com:password@localhost:3003/_next/static/chunks/node_modules_next_dist_compiled_react-dom_1e674e59._.js:8695:17)
    at recursivelyTraversePassiveMountEffects (http://g.andreini%40gmail.com:password@localhost:3003/_next/static/chunks/node_modules_next_dist_compiled_react-dom_1e674e59._.js:8683:316)
    at commitPassiveMountOnFiber (http://g.andreini%40gmail.com:password@localhost:3003/_next/static/chunks/node_modules_next_dist_compiled_react-dom_1e674e59._.js:8695:17)
    at recursivelyTraversePassiveMountEffects (http://g.andreini%40gmail.com:password@localhost:3003/_next/static/chunks/node_modules_next_dist_compiled_react-dom_1e674e59._.js:8683:316)
    at commitPassiveMountOnFiber (http://g.andreini%40gmail.com:password@localhost:3003/_next/static/chunks/node_modules_next_dist_compiled_react-dom_1e674e59._.js:8695:17)
    at recursivelyTraversePassiveMountEffects (http://g.andreini%40gmail.com:password@localhost:3003/_next/static/chunks/node_modules_next_dist_compiled_react-dom_1e674e59._.js:8683:316)
    at commitPassiveMountOnFiber (http://g.andreini%40gmail.com:password@localhost:3003/_next/static/chunks/node_modules_next_dist_compiled_react-dom_1e674e59._.js:8700:17)
    at recursivelyTraversePassiveMountEffects (http://g.andreini%40gmail.com:password@localhost:3003/_next/static/chunks/node_modules_next_dist_compiled_react-dom_1e674e59._.js:8683:316)
    at commitPassiveMountOnFiber (http://g.andreini%40gmail.com:password@localhost:3003/_next/static/chunks/node_modules_next_dist_compiled_react-dom_1e674e59._.js:8695:17)
    at recursivelyTraversePassiveMountEffects (http://g.andreini%40gmail.com:password@localhost:3003/_next/static/chunks/node_modules_next_dist_compiled_react-dom_1e674e59._.js:8683:316)
    at commitPassiveMountOnFiber (http://g.andreini%40gmail.com:password@localhost:3003/_next/static/chunks/node_modules_next_dist_compiled_react-dom_1e674e59._.js:8695:17)
    at recursivelyTraversePassiveMountEffects (http://g.andreini%40gmail.com:password@localhost:3003/_next/static/chunks/node_modules_next_dist_compiled_react-dom_1e674e59._.js:8683:316)
    at commitPassiveMountOnFiber (http://g.andreini%40gmail.com:password@localhost:3003/_next/static/chunks/node_modules_next_dist_compiled_react-dom_1e674e59._.js:8757:17)
    at recursivelyTraversePassiveMountEffects (http://g.andreini%40gmail.com:password@localhost:3003/_next/static/chunks/node_modules_next_dist_compiled_react-dom_1e674e59._.js:8683:316)
    at commitPassiveMountOnFiber (http://g.andreini%40gmail.com:password@localhost:3003/_next/static/chunks/node_modules_next_dist_compiled_react-dom_1e674e59._.js:8757:17)
    at recursivelyTraversePassiveMountEffects (http://g.andreini%40gmail.com:password@localhost:3003/_next/static/chunks/node_modules_next_dist_compiled_react-dom_1e674e59._.js:8683:316)
    at commitPassiveMountOnFiber (http://g.andreini%40gmail.com:password@localhost:3003/_next/static/chunks/node_modules_next_dist_compiled_react-dom_1e674e59._.js:8695:17)
    at recursivelyTraversePassiveMountEffects (http://g.andreini%40gmail.com:password@localhost:3003/_next/static/chunks/node_modules_next_dist_compiled_react-dom_1e674e59._.js:8683:316)
    at commitPassiveMountOnFiber (http://g.andreini%40gmail.com:password@localhost:3003/_next/static/chunks/node_modules_next_dist_compiled_react-dom_1e674e59._.js:8695:17)
    at recursivelyTraversePassiveMountEffects (http://g.andreini%40gmail.com:password@localhost:3003/_next/static/chunks/node_modules_next_dist_compiled_react-dom_1e674e59._.js:8683:316)
    at commitPassiveMountOnFiber (http://g.andreini%40gmail.com:password@localhost:3003/_next/static/chunks/node_modules_next_dist_compiled_react-dom_1e674e59._.js:8757:17)
    at recursivelyTraversePassiveMountEffects (http://g.andreini%40gmail.com:password@localhost:3003/_next/static/chunks/node_modules_next_dist_compiled_react-dom_1e674e59._.js:8683:316)
    at commitPassiveMountOnFiber (http://g.andreini%40gmail.com:password@localhost:3003/_next/static/chunks/node_modules_next_dist_compiled_react-dom_1e674e59._.js:8757:17)
    at recursivelyTraversePassiveMountEffects (http://g.andreini%40gmail.com:password@localhost:3003/_next/static/chunks/node_modules_next_dist_compiled_react-dom_1e674e59._.js:8683:316)
    at commitPassiveMountOnFiber (http://g.andreini%40gmail.com:password@localhost:3003/_next/static/chunks/node_modules_next_dist_compiled_react-dom_1e674e59._.js:8757:17)
    at recursivelyTraversePassiveMountEffects (http://g.andreini%40gmail.com:password@localhost:3003/_next/static/chunks/node_modules_next_dist_compiled_react-dom_1e674e59._.js:8683:316) @ http://g.andreini%40gmail.com:password@localhost:3003/_next/static/chunks/node_modules_next_dist_f3530cac._.js:3127
[  407753ms] [WARNING] [Fast Refresh] performing full reload

Fast Refresh will perform a full reload when you edit a file that's imported by modules outside of the React rendering tree.
You might have a file which exports a React component but also exports a value that is imported by a non-React component file.
Consider migrating the non-React component export to a separate file and importing it into both files.

It is also possible the parent component of the component you edited is a class component, which disables Fast Refresh.
Fast Refresh requires at least one parent function component in your React tree. @ http://g.andreini%40gmail.com:password@localhost:3003/_next/static/chunks/node_modules_next_dist_f3530cac._.js:2297
[  409356ms] [ERROR] Error fetching data: TypeError: Failed to execute 'fetch' on 'Window': Request cannot be constructed from a URL that includes credentials: /api/cycles/active
    at Home.useCallback[fetchData] (http://g.andreini%40gmail.com:password@localhost:3003/_next/static/chunks/_309a37f2._.js:1046:45)
    at Home.useEffect (http://g.andreini%40gmail.com:password@localhost:3003/_next/static/chunks/_309a37f2._.js:1078:13)
    at Object.react_stack_bottom_frame (http://g.andreini%40gmail.com:password@localhost:3003/_next/static/chunks/node_modules_next_dist_compiled_react-dom_1e674e59._.js:14876:22)
    at runWithFiberInDEV (http://g.andreini%40gmail.com:password@localhost:3003/_next/static/chunks/node_modules_next_dist_compiled_react-dom_1e674e59._.js:965:74)
    at commitHookEffectListMount (http://g.andreini%40gmail.com:password@localhost:3003/_next/static/chunks/node_modules_next_dist_compiled_react-dom_1e674e59._.js:7266:167)
    at commitHookPassiveMountEffects (http://g.andreini%40gmail.com:password@localhost:3003/_next/static/chunks/node_modules_next_dist_compiled_react-dom_1e674e59._.js:7301:60)
    at commitPassiveMountOnFiber (http://g.andreini%40gmail.com:password@localhost:3003/_next/static/chunks/node_modules_next_dist_compiled_react-dom_1e674e59._.js:8696:33)
    at recursivelyTraversePassiveMountEffects (http://g.andreini%40gmail.com:password@localhost:3003/_next/static/chunks/node_modules_next_dist_compiled_react-dom_1e674e59._.js:8683:316)
    at commitPassiveMountOnFiber (http://g.andreini%40gmail.com:password@localhost:3003/_next/static/chunks/node_modules_next_dist_compiled_react-dom_1e674e59._.js:8695:17)
    at recursivelyTraversePassiveMountEffects (http://g.andreini%40gmail.com:password@localhost:3003/_next/static/chunks/node_modules_next_dist_compiled_react-dom_1e674e59._.js:8683:316)
    at commitPassiveMountOnFiber (http://g.andreini%40gmail.com:password@localhost:3003/_next/static/chunks/node_modules_next_dist_compiled_react-dom_1e674e59._.js:8695:17)
    at recursivelyTraversePassiveMountEffects (http://g.andreini%40gmail.com:password@localhost:3003/_next/static/chunks/node_modules_next_dist_compiled_react-dom_1e674e59._.js:8683:316)
    at commitPassiveMountOnFiber (http://g.andreini%40gmail.com:password@localhost:3003/_next/static/chunks/node_modules_next_dist_compiled_react-dom_1e674e59._.js:8757:17)
    at recursivelyTraversePassiveMountEffects (http://g.andreini%40gmail.com:password@localhost:3003/_next/static/chunks/node_modules_next_dist_compiled_react-dom_1e674e59._.js:8683:316)
    at commitPassiveMountOnFiber (http://g.andreini%40gmail.com:password@localhost:3003/_next/static/chunks/node_modules_next_dist_compiled_react-dom_1e674e59._.js:8757:17)
    at recursivelyTraversePassiveMountEffects (http://g.andreini%40gmail.com:password@localhost:3003/_next/static/chunks/node_modules_next_dist_compiled_react-dom_1e674e59._.js:8683:316)
    at commitPassiveMountOnFiber (http://g.andreini%40gmail.com:password@localhost:3003/_next/static/chunks/node_modules_next_dist_compiled_react-dom_1e674e59._.js:8695:17)
    at recursivelyTraversePassiveMountEffects (http://g.andreini%40gmail.com:password@localhost:3003/_next/static/chunks/node_modules_next_dist_compiled_react-dom_1e674e59._.js:8683:316)
    at commitPassiveMountOnFiber (http://g.andreini%40gmail.com:password@localhost:3003/_next/static/chunks/node_modules_next_dist_compiled_react-dom_1e674e59._.js:8700:17)
    at recursivelyTraversePassiveMountEffects (http://g.andreini%40gmail.com:password@localhost:3003/_next/static/chunks/node_modules_next_dist_compiled_react-dom_1e674e59._.js:8683:316)
    at commitPassiveMountOnFiber (http://g.andreini%40gmail.com:password@localhost:3003/_next/static/chunks/node_modules_next_dist_compiled_react-dom_1e674e59._.js:8695:17)
    at recursivelyTraversePassiveMountEffects (http://g.andreini%40gmail.com:password@localhost:3003/_next/static/chunks/node_modules_next_dist_compiled_react-dom_1e674e59._.js:8683:316)
    at commitPassiveMountOnFiber (http://g.andreini%40gmail.com:password@localhost:3003/_next/static/chunks/node_modules_next_dist_compiled_react-dom_1e674e59._.js:8700:17)
    at recursivelyTraversePassiveMountEffects (http://g.andreini%40gmail.com:password@localhost:3003/_next/static/chunks/node_modules_next_dist_compiled_react-dom_1e674e59._.js:8683:316)
    at commitPassiveMountOnFiber (http://g.andreini%40gmail.com:password@localhost:3003/_next/static/chunks/node_modules_next_dist_compiled_react-dom_1e674e59._.js:8695:17)
    at recursivelyTraversePassiveMountEffects (http://g.andreini%40gmail.com:password@localhost:3003/_next/static/chunks/node_modules_next_dist_compiled_react-dom_1e674e59._.js:8683:316)
    at commitPassiveMountOnFiber (http://g.andreini%40gmail.com:password@localhost:3003/_next/static/chunks/node_modules_next_dist_compiled_react-dom_1e674e59._.js:8695:17)
    at recursivelyTraversePassiveMountEffects (http://g.andreini%40gmail.com:password@localhost:3003/_next/static/chunks/node_modules_next_dist_compiled_react-dom_1e674e59._.js:8683:316)
    at commitPassiveMountOnFiber (http://g.andreini%40gmail.com:password@localhost:3003/_next/static/chunks/node_modules_next_dist_compiled_react-dom_1e674e59._.js:8695:17)
    at recursivelyTraversePassiveMountEffects (http://g.andreini%40gmail.com:password@localhost:3003/_next/static/chunks/node_modules_next_dist_compiled_react-dom_1e674e59._.js:8683:316)
    at commitPassiveMountOnFiber (http://g.andreini%40gmail.com:password@localhost:3003/_next/static/chunks/node_modules_next_dist_compiled_react-dom_1e674e59._.js:8700:17)
    at recursivelyTraversePassiveMountEffects (http://g.andreini%40gmail.com:password@localhost:3003/_next/static/chunks/node_modules_next_dist_compiled_react-dom_1e674e59._.js:8683:316)
    at commitPassiveMountOnFiber (http://g.andreini%40gmail.com:password@localhost:3003/_next/static/chunks/node_modules_next_dist_compiled_react-dom_1e674e59._.js:8695:17)
    at recursivelyTraversePassiveMountEffects (http://g.andreini%40gmail.com:password@localhost:3003/_next/static/chunks/node_modules_next_dist_compiled_react-dom_1e674e59._.js:8683:316)
    at commitPassiveMountOnFiber (http://g.andreini%40gmail.com:password@localhost:3003/_next/static/chunks/node_modules_next_dist_compiled_react-dom_1e674e59._.js:8695:17)
    at recursivelyTraversePassiveMountEffects (http://g.andreini%40gmail.com:password@localhost:3003/_next/static/chunks/node_modules_next_dist_compiled_react-dom_1e674e59._.js:8683:316)
    at commitPassiveMountOnFiber (http://g.andreini%40gmail.com:password@localhost:3003/_next/static/chunks/node_modules_next_dist_compiled_react-dom_1e674e59._.js:8757:17)
    at recursivelyTraversePassiveMountEffects (http://g.andreini%40gmail.com:password@localhost:3003/_next/static/chunks/node_modules_next_dist_compiled_react-dom_1e674e59._.js:8683:316)
    at commitPassiveMountOnFiber (http://g.andreini%40gmail.com:password@localhost:3003/_next/static/chunks/node_modules_next_dist_compiled_react-dom_1e674e59._.js:8757:17)
    at recursivelyTraversePassiveMountEffects (http://g.andreini%40gmail.com:password@localhost:3003/_next/static/chunks/node_modules_next_dist_compiled_react-dom_1e674e59._.js:8683:316)
    at commitPassiveMountOnFiber (http://g.andreini%40gmail.com:password@localhost:3003/_next/static/chunks/node_modules_next_dist_compiled_react-dom_1e674e59._.js:8695:17)
    at recursivelyTraversePassiveMountEffects (http://g.andreini%40gmail.com:password@localhost:3003/_next/static/chunks/node_modules_next_dist_compiled_react-dom_1e674e59._.js:8683:316)
    at commitPassiveMountOnFiber (http://g.andreini%40gmail.com:password@localhost:3003/_next/static/chunks/node_modules_next_dist_compiled_react-dom_1e674e59._.js:8695:17)
    at recursivelyTraversePassiveMountEffects (http://g.andreini%40gmail.com:password@localhost:3003/_next/static/chunks/node_modules_next_dist_compiled_react-dom_1e674e59._.js:8683:316)
    at commitPassiveMountOnFiber (http://g.andreini%40gmail.com:password@localhost:3003/_next/static/chunks/node_modules_next_dist_compiled_react-dom_1e674e59._.js:8757:17)
    at recursivelyTraversePassiveMountEffects (http://g.andreini%40gmail.com:password@localhost:3003/_next/static/chunks/node_modules_next_dist_compiled_react-dom_1e674e59._.js:8683:316)
    at commitPassiveMountOnFiber (http://g.andreini%40gmail.com:password@localhost:3003/_next/static/chunks/node_modules_next_dist_compiled_react-dom_1e674e59._.js:8757:17)
    at recursivelyTraversePassiveMountEffects (http://g.andreini%40gmail.com:password@localhost:3003/_next/static/chunks/node_modules_next_dist_compiled_react-dom_1e674e59._.js:8683:316)
    at commitPassiveMountOnFiber (http://g.andreini%40gmail.com:password@localhost:3003/_next/static/chunks/node_modules_next_dist_compiled_react-dom_1e674e59._.js:8757:17)
    at recursivelyTraversePassiveMountEffects (http://g.andreini%40gmail.com:password@localhost:3003/_next/static/chunks/node_modules_next_dist_compiled_react-dom_1e674e59._.js:8683:316) @ http://g.andreini%40gmail.com:password@localhost:3003/_next/static/chunks/node_modules_next_dist_f3530cac._.js:3127
[  549778ms] [ERROR] Error fetching data: TypeError: Failed to execute 'fetch' on 'Window': Request cannot be constructed from a URL that includes credentials: /api/cycles/active
    at Home.useCallback[fetchData] (http://localhost:3003/_next/static/chunks/_f6c09edb._.js?id=%255Bproject%255D%252Fsrc%252Fapp%252Fpage.tsx+%255Bapp-client%255D+%2528ecmascript%2529:30:45)
    at Home.useEffect (http://localhost:3003/_next/static/chunks/_f6c09edb._.js?id=%255Bproject%255D%252Fsrc%252Fapp%252Fpage.tsx+%255Bapp-client%255D+%2528ecmascript%2529:62:13)
    at Object.react_stack_bottom_frame (http://g.andreini%40gmail.com:password@localhost:3003/_next/static/chunks/node_modules_next_dist_compiled_react-dom_1e674e59._.js:14876:22)
    at runWithFiberInDEV (http://g.andreini%40gmail.com:password@localhost:3003/_next/static/chunks/node_modules_next_dist_compiled_react-dom_1e674e59._.js:965:74)
    at commitHookEffectListMount (http://g.andreini%40gmail.com:password@localhost:3003/_next/static/chunks/node_modules_next_dist_compiled_react-dom_1e674e59._.js:7266:167)
    at commitHookPassiveMountEffects (http://g.andreini%40gmail.com:password@localhost:3003/_next/static/chunks/node_modules_next_dist_compiled_react-dom_1e674e59._.js:7301:60)
    at commitPassiveMountOnFiber (http://g.andreini%40gmail.com:password@localhost:3003/_next/static/chunks/node_modules_next_dist_compiled_react-dom_1e674e59._.js:8696:33)
    at recursivelyTraversePassiveMountEffects (http://g.andreini%40gmail.com:password@localhost:3003/_next/static/chunks/node_modules_next_dist_compiled_react-dom_1e674e59._.js:8683:316)
    at commitPassiveMountOnFiber (http://g.andreini%40gmail.com:password@localhost:3003/_next/static/chunks/node_modules_next_dist_compiled_react-dom_1e674e59._.js:8695:17)
    at recursivelyTraversePassiveMountEffects (http://g.andreini%40gmail.com:password@localhost:3003/_next/static/chunks/node_modules_next_dist_compiled_react-dom_1e674e59._.js:8683:316)
    at commitPassiveMountOnFiber (http://g.andreini%40gmail.com:password@localhost:3003/_next/static/chunks/node_modules_next_dist_compiled_react-dom_1e674e59._.js:8695:17)
    at recursivelyTraversePassiveMountEffects (http://g.andreini%40gmail.com:password@localhost:3003/_next/static/chunks/node_modules_next_dist_compiled_react-dom_1e674e59._.js:8683:316)
    at commitPassiveMountOnFiber (http://g.andreini%40gmail.com:password@localhost:3003/_next/static/chunks/node_modules_next_dist_compiled_react-dom_1e674e59._.js:8757:17)
    at recursivelyTraversePassiveMountEffects (http://g.andreini%40gmail.com:password@localhost:3003/_next/static/chunks/node_modules_next_dist_compiled_react-dom_1e674e59._.js:8683:316)
    at commitPassiveMountOnFiber (http://g.andreini%40gmail.com:password@localhost:3003/_next/static/chunks/node_modules_next_dist_compiled_react-dom_1e674e59._.js:8757:17)
    at recursivelyTraversePassiveMountEffects (http://g.andreini%40gmail.com:password@localhost:3003/_next/static/chunks/node_modules_next_dist_compiled_react-dom_1e674e59._.js:8683:316)
    at commitPassiveMountOnFiber (http://g.andreini%40gmail.com:password@localhost:3003/_next/static/chunks/node_modules_next_dist_compiled_react-dom_1e674e59._.js:8695:17)
    at recursivelyTraversePassiveMountEffects (http://g.andreini%40gmail.com:password@localhost:3003/_next/static/chunks/node_modules_next_dist_compiled_react-dom_1e674e59._.js:8683:316)
    at commitPassiveMountOnFiber (http://g.andreini%40gmail.com:password@localhost:3003/_next/static/chunks/node_modules_next_dist_compiled_react-dom_1e674e59._.js:8700:17)
    at recursivelyTraversePassiveMountEffects (http://g.andreini%40gmail.com:password@localhost:3003/_next/static/chunks/node_modules_next_dist_compiled_react-dom_1e674e59._.js:8683:316)
    at commitPassiveMountOnFiber (http://g.andreini%40gmail.com:password@localhost:3003/_next/static/chunks/node_modules_next_dist_compiled_react-dom_1e674e59._.js:8695:17)
    at recursivelyTraversePassiveMountEffects (http://g.andreini%40gmail.com:password@localhost:3003/_next/static/chunks/node_modules_next_dist_compiled_react-dom_1e674e59._.js:8683:316)
    at commitPassiveMountOnFiber (http://g.andreini%40gmail.com:password@localhost:3003/_next/static/chunks/node_modules_next_dist_compiled_react-dom_1e674e59._.js:8700:17)
    at recursivelyTraversePassiveMountEffects (http://g.andreini%40gmail.com:password@localhost:3003/_next/static/chunks/node_modules_next_dist_compiled_react-dom_1e674e59._.js:8683:316)
    at commitPassiveMountOnFiber (http://g.andreini%40gmail.com:password@localhost:3003/_next/static/chunks/node_modules_next_dist_compiled_react-dom_1e674e59._.js:8695:17)
    at recursivelyTraversePassiveMountEffects (http://g.andreini%40gmail.com:password@localhost:3003/_next/static/chunks/node_modules_next_dist_compiled_react-dom_1e674e59._.js:8683:316)
    at commitPassiveMountOnFiber (http://g.andreini%40gmail.com:password@localhost:3003/_next/static/chunks/node_modules_next_dist_compiled_react-dom_1e674e59._.js:8695:17)
    at recursivelyTraversePassiveMountEffects (http://g.andreini%40gmail.com:password@localhost:3003/_next/static/chunks/node_modules_next_dist_compiled_react-dom_1e674e59._.js:8683:316)
    at commitPassiveMountOnFiber (http://g.andreini%40gmail.com:password@localhost:3003/_next/static/chunks/node_modules_next_dist_compiled_react-dom_1e674e59._.js:8695:17)
    at recursivelyTraversePassiveMountEffects (http://g.andreini%40gmail.com:password@localhost:3003/_next/static/chunks/node_modules_next_dist_compiled_react-dom_1e674e59._.js:8683:316)
    at commitPassiveMountOnFiber (http://g.andreini%40gmail.com:password@localhost:3003/_next/static/chunks/node_modules_next_dist_compiled_react-dom_1e674e59._.js:8700:17)
    at recursivelyTraversePassiveMountEffects (http://g.andreini%40gmail.com:password@localhost:3003/_next/static/chunks/node_modules_next_dist_compiled_react-dom_1e674e59._.js:8683:316)
    at commitPassiveMountOnFiber (http://g.andreini%40gmail.com:password@localhost:3003/_next/static/chunks/node_modules_next_dist_compiled_react-dom_1e674e59._.js:8695:17)
    at recursivelyTraversePassiveMountEffects (http://g.andreini%40gmail.com:password@localhost:3003/_next/static/chunks/node_modules_next_dist_compiled_react-dom_1e674e59._.js:8683:316)
    at commitPassiveMountOnFiber (http://g.andreini%40gmail.com:password@localhost:3003/_next/static/chunks/node_modules_next_dist_compiled_react-dom_1e674e59._.js:8695:17)
    at recursivelyTraversePassiveMountEffects (http://g.andreini%40gmail.com:password@localhost:3003/_next/static/chunks/node_modules_next_dist_compiled_react-dom_1e674e59._.js:8683:316)
    at commitPassiveMountOnFiber (http://g.andreini%40gmail.com:password@localhost:3003/_next/static/chunks/node_modules_next_dist_compiled_react-dom_1e674e59._.js:8757:17)
    at recursivelyTraversePassiveMountEffects (http://g.andreini%40gmail.com:password@localhost:3003/_next/static/chunks/node_modules_next_dist_compiled_react-dom_1e674e59._.js:8683:316)
    at commitPassiveMountOnFiber (http://g.andreini%40gmail.com:password@localhost:3003/_next/static/chunks/node_modules_next_dist_compiled_react-dom_1e674e59._.js:8757:17)
    at recursivelyTraversePassiveMountEffects (http://g.andreini%40gmail.com:password@localhost:3003/_next/static/chunks/node_modules_next_dist_compiled_react-dom_1e674e59._.js:8683:316)
    at commitPassiveMountOnFiber (http://g.andreini%40gmail.com:password@localhost:3003/_next/static/chunks/node_modules_next_dist_compiled_react-dom_1e674e59._.js:8695:17)
    at recursivelyTraversePassiveMountEffects (http://g.andreini%40gmail.com:password@localhost:3003/_next/static/chunks/node_modules_next_dist_compiled_react-dom_1e674e59._.js:8683:316)
    at commitPassiveMountOnFiber (http://g.andreini%40gmail.com:password@localhost:3003/_next/static/chunks/node_modules_next_dist_compiled_react-dom_1e674e59._.js:8695:17)
    at recursivelyTraversePassiveMountEffects (http://g.andreini%40gmail.com:password@localhost:3003/_next/static/chunks/node_modules_next_dist_compiled_react-dom_1e674e59._.js:8683:316)
    at commitPassiveMountOnFiber (http://g.andreini%40gmail.com:password@localhost:3003/_next/static/chunks/node_modules_next_dist_compiled_react-dom_1e674e59._.js:8757:17)
    at recursivelyTraversePassiveMountEffects (http://g.andreini%40gmail.com:password@localhost:3003/_next/static/chunks/node_modules_next_dist_compiled_react-dom_1e674e59._.js:8683:316)
    at commitPassiveMountOnFiber (http://g.andreini%40gmail.com:password@localhost:3003/_next/static/chunks/node_modules_next_dist_compiled_react-dom_1e674e59._.js:8757:17)
    at recursivelyTraversePassiveMountEffects (http://g.andreini%40gmail.com:password@localhost:3003/_next/static/chunks/node_modules_next_dist_compiled_react-dom_1e674e59._.js:8683:316)
    at commitPassiveMountOnFiber (http://g.andreini%40gmail.com:password@localhost:3003/_next/static/chunks/node_modules_next_dist_compiled_react-dom_1e674e59._.js:8757:17)
    at recursivelyTraversePassiveMountEffects (http://g.andreini%40gmail.com:password@localhost:3003/_next/static/chunks/node_modules_next_dist_compiled_react-dom_1e674e59._.js:8683:316) @ http://g.andreini%40gmail.com:password@localhost:3003/_next/static/chunks/node_modules_next_dist_f3530cac._.js:3127
[  553484ms] [ERROR] Error fetching data: TypeError: Failed to execute 'fetch' on 'Window': Request cannot be constructed from a URL that includes credentials: /api/cycles/active
    at Home.useCallback[fetchData] (http://localhost:3003/_next/static/chunks/_7b42b909._.js?id=%255Bproject%255D%252Fsrc%252Fapp%252Fpage.tsx+%255Bapp-client%255D+%2528ecmascript%2529:32:45)
    at Home.useEffect (http://localhost:3003/_next/static/chunks/_7b42b909._.js?id=%255Bproject%255D%252Fsrc%252Fapp%252Fpage.tsx+%255Bapp-client%255D+%2528ecmascript%2529:64:13)
    at Object.react_stack_bottom_frame (http://g.andreini%40gmail.com:password@localhost:3003/_next/static/chunks/node_modules_next_dist_compiled_react-dom_1e674e59._.js:14876:22)
    at runWithFiberInDEV (http://g.andreini%40gmail.com:password@localhost:3003/_next/static/chunks/node_modules_next_dist_compiled_react-dom_1e674e59._.js:965:74)
    at commitHookEffectListMount (http://g.andreini%40gmail.com:password@localhost:3003/_next/static/chunks/node_modules_next_dist_compiled_react-dom_1e674e59._.js:7266:167)
    at commitHookPassiveMountEffects (http://g.andreini%40gmail.com:password@localhost:3003/_next/static/chunks/node_modules_next_dist_compiled_react-dom_1e674e59._.js:7301:60)
    at commitPassiveMountOnFiber (http://g.andreini%40gmail.com:password@localhost:3003/_next/static/chunks/node_modules_next_dist_compiled_react-dom_1e674e59._.js:8696:33)
    at recursivelyTraversePassiveMountEffects (http://g.andreini%40gmail.com:password@localhost:3003/_next/static/chunks/node_modules_next_dist_compiled_react-dom_1e674e59._.js:8683:316)
    at commitPassiveMountOnFiber (http://g.andreini%40gmail.com:password@localhost:3003/_next/static/chunks/node_modules_next_dist_compiled_react-dom_1e674e59._.js:8695:17)
    at recursivelyTraversePassiveMountEffects (http://g.andreini%40gmail.com:password@localhost:3003/_next/static/chunks/node_modules_next_dist_compiled_react-dom_1e674e59._.js:8683:316)
    at commitPassiveMountOnFiber (http://g.andreini%40gmail.com:password@localhost:3003/_next/static/chunks/node_modules_next_dist_compiled_react-dom_1e674e59._.js:8695:17)
    at recursivelyTraversePassiveMountEffects (http://g.andreini%40gmail.com:password@localhost:3003/_next/static/chunks/node_modules_next_dist_compiled_react-dom_1e674e59._.js:8683:316)
    at commitPassiveMountOnFiber (http://g.andreini%40gmail.com:password@localhost:3003/_next/static/chunks/node_modules_next_dist_compiled_react-dom_1e674e59._.js:8757:17)
    at recursivelyTraversePassiveMountEffects (http://g.andreini%40gmail.com:password@localhost:3003/_next/static/chunks/node_modules_next_dist_compiled_react-dom_1e674e59._.js:8683:316)
    at commitPassiveMountOnFiber (http://g.andreini%40gmail.com:password@localhost:3003/_next/static/chunks/node_modules_next_dist_compiled_react-dom_1e674e59._.js:8757:17)
    at recursivelyTraversePassiveMountEffects (http://g.andreini%40gmail.com:password@localhost:3003/_next/static/chunks/node_modules_next_dist_compiled_react-dom_1e674e59._.js:8683:316)
    at commitPassiveMountOnFiber (http://g.andreini%40gmail.com:password@localhost:3003/_next/static/chunks/node_modules_next_dist_compiled_react-dom_1e674e59._.js:8695:17)
    at recursivelyTraversePassiveMountEffects (http://g.andreini%40gmail.com:password@localhost:3003/_next/static/chunks/node_modules_next_dist_compiled_react-dom_1e674e59._.js:8683:316)
    at commitPassiveMountOnFiber (http://g.andreini%40gmail.com:password@localhost:3003/_next/static/chunks/node_modules_next_dist_compiled_react-dom_1e674e59._.js:8700:17)
    at recursivelyTraversePassiveMountEffects (http://g.andreini%40gmail.com:password@localhost:3003/_next/static/chunks/node_modules_next_dist_compiled_react-dom_1e674e59._.js:8683:316)
    at commitPassiveMountOnFiber (http://g.andreini%40gmail.com:password@localhost:3003/_next/static/chunks/node_modules_next_dist_compiled_react-dom_1e674e59._.js:8695:17)
    at recursivelyTraversePassiveMountEffects (http://g.andreini%40gmail.com:password@localhost:3003/_next/static/chunks/node_modules_next_dist_compiled_react-dom_1e674e59._.js:8683:316)
    at commitPassiveMountOnFiber (http://g.andreini%40gmail.com:password@localhost:3003/_next/static/chunks/node_modules_next_dist_compiled_react-dom_1e674e59._.js:8700:17)
    at recursivelyTraversePassiveMountEffects (http://g.andreini%40gmail.com:password@localhost:3003/_next/static/chunks/node_modules_next_dist_compiled_react-dom_1e674e59._.js:8683:316)
    at commitPassiveMountOnFiber (http://g.andreini%40gmail.com:password@localhost:3003/_next/static/chunks/node_modules_next_dist_compiled_react-dom_1e674e59._.js:8695:17)
    at recursivelyTraversePassiveMountEffects (http://g.andreini%40gmail.com:password@localhost:3003/_next/static/chunks/node_modules_next_dist_compiled_react-dom_1e674e59._.js:8683:316)
    at commitPassiveMountOnFiber (http://g.andreini%40gmail.com:password@localhost:3003/_next/static/chunks/node_modules_next_dist_compiled_react-dom_1e674e59._.js:8695:17)
    at recursivelyTraversePassiveMountEffects (http://g.andreini%40gmail.com:password@localhost:3003/_next/static/chunks/node_modules_next_dist_compiled_react-dom_1e674e59._.js:8683:316)
    at commitPassiveMountOnFiber (http://g.andreini%40gmail.com:password@localhost:3003/_next/static/chunks/node_modules_next_dist_compiled_react-dom_1e674e59._.js:8695:17)
    at recursivelyTraversePassiveMountEffects (http://g.andreini%40gmail.com:password@localhost:3003/_next/static/chunks/node_modules_next_dist_compiled_react-dom_1e674e59._.js:8683:316)
    at commitPassiveMountOnFiber (http://g.andreini%40gmail.com:password@localhost:3003/_next/static/chunks/node_modules_next_dist_compiled_react-dom_1e674e59._.js:8700:17)
    at recursivelyTraversePassiveMountEffects (http://g.andreini%40gmail.com:password@localhost:3003/_next/static/chunks/node_modules_next_dist_compiled_react-dom_1e674e59._.js:8683:316)
    at commitPassiveMountOnFiber (http://g.andreini%40gmail.com:password@localhost:3003/_next/static/chunks/node_modules_next_dist_compiled_react-dom_1e674e59._.js:8695:17)
    at recursivelyTraversePassiveMountEffects (http://g.andreini%40gmail.com:password@localhost:3003/_next/static/chunks/node_modules_next_dist_compiled_react-dom_1e674e59._.js:8683:316)
    at commitPassiveMountOnFiber (http://g.andreini%40gmail.com:password@localhost:3003/_next/static/chunks/node_modules_next_dist_compiled_react-dom_1e674e59._.js:8695:17)
    at recursivelyTraversePassiveMountEffects (http://g.andreini%40gmail.com:password@localhost:3003/_next/static/chunks/node_modules_next_dist_compiled_react-dom_1e674e59._.js:8683:316)
    at commitPassiveMountOnFiber (http://g.andreini%40gmail.com:password@localhost:3003/_next/static/chunks/node_modules_next_dist_compiled_react-dom_1e674e59._.js:8757:17)
    at recursivelyTraversePassiveMountEffects (http://g.andreini%40gmail.com:password@localhost:3003/_next/static/chunks/node_modules_next_dist_compiled_react-dom_1e674e59._.js:8683:316)
    at commitPassiveMountOnFiber (http://g.andreini%40gmail.com:password@localhost:3003/_next/static/chunks/node_modules_next_dist_compiled_react-dom_1e674e59._.js:8757:17)
    at recursivelyTraversePassiveMountEffects (http://g.andreini%40gmail.com:password@localhost:3003/_next/static/chunks/node_modules_next_dist_compiled_react-dom_1e674e59._.js:8683:316)
    at commitPassiveMountOnFiber (http://g.andreini%40gmail.com:password@localhost:3003/_next/static/chunks/node_modules_next_dist_compiled_react-dom_1e674e59._.js:8695:17)
    at recursivelyTraversePassiveMountEffects (http://g.andreini%40gmail.com:password@localhost:3003/_next/static/chunks/node_modules_next_dist_compiled_react-dom_1e674e59._.js:8683:316)
    at commitPassiveMountOnFiber (http://g.andreini%40gmail.com:password@localhost:3003/_next/static/chunks/node_modules_next_dist_compiled_react-dom_1e674e59._.js:8695:17)
    at recursivelyTraversePassiveMountEffects (http://g.andreini%40gmail.com:password@localhost:3003/_next/static/chunks/node_modules_next_dist_compiled_react-dom_1e674e59._.js:8683:316)
    at commitPassiveMountOnFiber (http://g.andreini%40gmail.com:password@localhost:3003/_next/static/chunks/node_modules_next_dist_compiled_react-dom_1e674e59._.js:8757:17)
    at recursivelyTraversePassiveMountEffects (http://g.andreini%40gmail.com:password@localhost:3003/_next/static/chunks/node_modules_next_dist_compiled_react-dom_1e674e59._.js:8683:316)
    at commitPassiveMountOnFiber (http://g.andreini%40gmail.com:password@localhost:3003/_next/static/chunks/node_modules_next_dist_compiled_react-dom_1e674e59._.js:8757:17)
    at recursivelyTraversePassiveMountEffects (http://g.andreini%40gmail.com:password@localhost:3003/_next/static/chunks/node_modules_next_dist_compiled_react-dom_1e674e59._.js:8683:316)
    at commitPassiveMountOnFiber (http://g.andreini%40gmail.com:password@localhost:3003/_next/static/chunks/node_modules_next_dist_compiled_react-dom_1e674e59._.js:8757:17)
    at recursivelyTraversePassiveMountEffects (http://g.andreini%40gmail.com:password@localhost:3003/_next/static/chunks/node_modules_next_dist_compiled_react-dom_1e674e59._.js:8683:316) @ http://g.andreini%40gmail.com:password@localhost:3003/_next/static/chunks/node_modules_next_dist_f3530cac._.js:3127
[ 1178816ms] [ERROR] Error fetching data: TypeError: Failed to execute 'fetch' on 'Window': Request cannot be constructed from a URL that includes credentials: /api/cycles/active
    at Home.useCallback[fetchData] (http://g.andreini%40gmail.com:password@localhost:3003/_next/static/chunks/_7b42b909._.js:1017:45)
    at Home.useEffect (http://g.andreini%40gmail.com:password@localhost:3003/_next/static/chunks/_7b42b909._.js:1049:13)
    at Object.react_stack_bottom_frame (http://g.andreini%40gmail.com:password@localhost:3003/_next/static/chunks/node_modules_next_dist_compiled_react-dom_1e674e59._.js:14876:22)
    at runWithFiberInDEV (http://g.andreini%40gmail.com:password@localhost:3003/_next/static/chunks/node_modules_next_dist_compiled_react-dom_1e674e59._.js:965:74)
    at commitHookEffectListMount (http://g.andreini%40gmail.com:password@localhost:3003/_next/static/chunks/node_modules_next_dist_compiled_react-dom_1e674e59._.js:7266:167)
    at commitHookPassiveMountEffects (http://g.andreini%40gmail.com:password@localhost:3003/_next/static/chunks/node_modules_next_dist_compiled_react-dom_1e674e59._.js:7301:60)
    at commitPassiveMountOnFiber (http://g.andreini%40gmail.com:password@localhost:3003/_next/static/chunks/node_modules_next_dist_compiled_react-dom_1e674e59._.js:8696:33)
    at recursivelyTraversePassiveMountEffects (http://g.andreini%40gmail.com:password@localhost:3003/_next/static/chunks/node_modules_next_dist_compiled_react-dom_1e674e59._.js:8683:316)
    at commitPassiveMountOnFiber (http://g.andreini%40gmail.com:password@localhost:3003/_next/static/chunks/node_modules_next_dist_compiled_react-dom_1e674e59._.js:8695:17)
    at recursivelyTraversePassiveMountEffects (http://g.andreini%40gmail.com:password@localhost:3003/_next/static/chunks/node_modules_next_dist_compiled_react-dom_1e674e59._.js:8683:316)
    at commitPassiveMountOnFiber (http://g.andreini%40gmail.com:password@localhost:3003/_next/static/chunks/node_modules_next_dist_compiled_react-dom_1e674e59._.js:8695:17)
    at recursivelyTraversePassiveMountEffects (http://g.andreini%40gmail.com:password@localhost:3003/_next/static/chunks/node_modules_next_dist_compiled_react-dom_1e674e59._.js:8683:316)
    at commitPassiveMountOnFiber (http://g.andreini%40gmail.com:password@localhost:3003/_next/static/chunks/node_modules_next_dist_compiled_react-dom_1e674e59._.js:8757:17)
    at recursivelyTraversePassiveMountEffects (http://g.andreini%40gmail.com:password@localhost:3003/_next/static/chunks/node_modules_next_dist_compiled_react-dom_1e674e59._.js:8683:316)
    at commitPassiveMountOnFiber (http://g.andreini%40gmail.com:password@localhost:3003/_next/static/chunks/node_modules_next_dist_compiled_react-dom_1e674e59._.js:8757:17)
    at recursivelyTraversePassiveMountEffects (http://g.andreini%40gmail.com:password@localhost:3003/_next/static/chunks/node_modules_next_dist_compiled_react-dom_1e674e59._.js:8683:316)
    at commitPassiveMountOnFiber (http://g.andreini%40gmail.com:password@localhost:3003/_next/static/chunks/node_modules_next_dist_compiled_react-dom_1e674e59._.js:8695:17)
    at recursivelyTraversePassiveMountEffects (http://g.andreini%40gmail.com:password@localhost:3003/_next/static/chunks/node_modules_next_dist_compiled_react-dom_1e674e59._.js:8683:316)
    at commitPassiveMountOnFiber (http://g.andreini%40gmail.com:password@localhost:3003/_next/static/chunks/node_modules_next_dist_compiled_react-dom_1e674e59._.js:8700:17)
    at recursivelyTraversePassiveMountEffects (http://g.andreini%40gmail.com:password@localhost:3003/_next/static/chunks/node_modules_next_dist_compiled_react-dom_1e674e59._.js:8683:316)
    at commitPassiveMountOnFiber (http://g.andreini%40gmail.com:password@localhost:3003/_next/static/chunks/node_modules_next_dist_compiled_react-dom_1e674e59._.js:8695:17)
    at recursivelyTraversePassiveMountEffects (http://g.andreini%40gmail.com:password@localhost:3003/_next/static/chunks/node_modules_next_dist_compiled_react-dom_1e674e59._.js:8683:316)
    at commitPassiveMountOnFiber (http://g.andreini%40gmail.com:password@localhost:3003/_next/static/chunks/node_modules_next_dist_compiled_react-dom_1e674e59._.js:8700:17)
    at recursivelyTraversePassiveMountEffects (http://g.andreini%40gmail.com:password@localhost:3003/_next/static/chunks/node_modules_next_dist_compiled_react-dom_1e674e59._.js:8683:316)
    at commitPassiveMountOnFiber (http://g.andreini%40gmail.com:password@localhost:3003/_next/static/chunks/node_modules_next_dist_compiled_react-dom_1e674e59._.js:8695:17)
    at recursivelyTraversePassiveMountEffects (http://g.andreini%40gmail.com:password@localhost:3003/_next/static/chunks/node_modules_next_dist_compiled_react-dom_1e674e59._.js:8683:316)
    at commitPassiveMountOnFiber (http://g.andreini%40gmail.com:password@localhost:3003/_next/static/chunks/node_modules_next_dist_compiled_react-dom_1e674e59._.js:8695:17)
    at recursivelyTraversePassiveMountEffects (http://g.andreini%40gmail.com:password@localhost:3003/_next/static/chunks/node_modules_next_dist_compiled_react-dom_1e674e59._.js:8683:316)
    at commitPassiveMountOnFiber (http://g.andreini%40gmail.com:password@localhost:3003/_next/static/chunks/node_modules_next_dist_compiled_react-dom_1e674e59._.js:8695:17)
    at recursivelyTraversePassiveMountEffects (http://g.andreini%40gmail.com:password@localhost:3003/_next/static/chunks/node_modules_next_dist_compiled_react-dom_1e674e59._.js:8683:316)
    at commitPassiveMountOnFiber (http://g.andreini%40gmail.com:password@localhost:3003/_next/static/chunks/node_modules_next_dist_compiled_react-dom_1e674e59._.js:8700:17)
    at recursivelyTraversePassiveMountEffects (http://g.andreini%40gmail.com:password@localhost:3003/_next/static/chunks/node_modules_next_dist_compiled_react-dom_1e674e59._.js:8683:316)
    at commitPassiveMountOnFiber (http://g.andreini%40gmail.com:password@localhost:3003/_next/static/chunks/node_modules_next_dist_compiled_react-dom_1e674e59._.js:8695:17)
    at recursivelyTraversePassiveMountEffects (http://g.andreini%40gmail.com:password@localhost:3003/_next/static/chunks/node_modules_next_dist_compiled_react-dom_1e674e59._.js:8683:316)
    at commitPassiveMountOnFiber (http://g.andreini%40gmail.com:password@localhost:3003/_next/static/chunks/node_modules_next_dist_compiled_react-dom_1e674e59._.js:8695:17)
    at recursivelyTraversePassiveMountEffects (http://g.andreini%40gmail.com:password@localhost:3003/_next/static/chunks/node_modules_next_dist_compiled_react-dom_1e674e59._.js:8683:316)
    at commitPassiveMountOnFiber (http://g.andreini%40gmail.com:password@localhost:3003/_next/static/chunks/node_modules_next_dist_compiled_react-dom_1e674e59._.js:8757:17)
    at recursivelyTraversePassiveMountEffects (http://g.andreini%40gmail.com:password@localhost:3003/_next/static/chunks/node_modules_next_dist_compiled_react-dom_1e674e59._.js:8683:316)
    at commitPassiveMountOnFiber (http://g.andreini%40gmail.com:password@localhost:3003/_next/static/chunks/node_modules_next_dist_compiled_react-dom_1e674e59._.js:8757:17)
    at recursivelyTraversePassiveMountEffects (http://g.andreini%40gmail.com:password@localhost:3003/_next/static/chunks/node_modules_next_dist_compiled_react-dom_1e674e59._.js:8683:316)
    at commitPassiveMountOnFiber (http://g.andreini%40gmail.com:password@localhost:3003/_next/static/chunks/node_modules_next_dist_compiled_react-dom_1e674e59._.js:8695:17)
    at recursivelyTraversePassiveMountEffects (http://g.andreini%40gmail.com:password@localhost:3003/_next/static/chunks/node_modules_next_dist_compiled_react-dom_1e674e59._.js:8683:316)
    at commitPassiveMountOnFiber (http://g.andreini%40gmail.com:password@localhost:3003/_next/static/chunks/node_modules_next_dist_compiled_react-dom_1e674e59._.js:8695:17)
    at recursivelyTraversePassiveMountEffects (http://g.andreini%40gmail.com:password@localhost:3003/_next/static/chunks/node_modules_next_dist_compiled_react-dom_1e674e59._.js:8683:316)
    at commitPassiveMountOnFiber (http://g.andreini%40gmail.com:password@localhost:3003/_next/static/chunks/node_modules_next_dist_compiled_react-dom_1e674e59._.js:8757:17)
    at recursivelyTraversePassiveMountEffects (http://g.andreini%40gmail.com:password@localhost:3003/_next/static/chunks/node_modules_next_dist_compiled_react-dom_1e674e59._.js:8683:316)
    at commitPassiveMountOnFiber (http://g.andreini%40gmail.com:password@localhost:3003/_next/static/chunks/node_modules_next_dist_compiled_react-dom_1e674e59._.js:8757:17)
    at recursivelyTraversePassiveMountEffects (http://g.andreini%40gmail.com:password@localhost:3003/_next/static/chunks/node_modules_next_dist_compiled_react-dom_1e674e59._.js:8683:316)
    at commitPassiveMountOnFiber (http://g.andreini%40gmail.com:password@localhost:3003/_next/static/chunks/node_modules_next_dist_compiled_react-dom_1e674e59._.js:8757:17)
    at recursivelyTraversePassiveMountEffects (http://g.andreini%40gmail.com:password@localhost:3003/_next/static/chunks/node_modules_next_dist_compiled_react-dom_1e674e59._.js:8683:316) @ http://g.andreini%40gmail.com:password@localhost:3003/_next/static/chunks/node_modules_next_dist_f3530cac._.js:3127
